// Jest Snapshot v1, https://goo.gl/fbAQLP

exports[`Badge should match snapshot 1`] = `
.c0 {
  display: -webkit-box;
  display: -webkit-flex;
  display: -ms-flexbox;
  display: flex;
  -webkit-box-pack: center;
  -webkit-justify-content: center;
  -ms-flex-pack: center;
  justify-content: center;
  -webkit-align-items: center;
  -webkit-box-align: center;
  -ms-flex-align: center;
  align-items: center;
  background-color: transparent;
  color: #59636b;
  border: 1px solid #59636b;
  border-radius: 9999em;
  -webkit-transition: color 0.2s cubic-bezier(0.38,1.59,0.82,0.96), box-shadow 0.2s cubic-bezier(0.38,1.59,0.82,0.96);
  transition: color 0.2s cubic-bezier(0.38,1.59,0.82,0.96), box-shadow 0.2s cubic-bezier(0.38,1.59,0.82,0.96);
  position: relative;
  font-size: 0.8125rem;
  height: 30px;
  width: 30px;
}

@media screen and (min-width:40em) {
  .c0 {
    height: 40px;
    width: 40px;
  }
}

<span
  class="c0"
  font-size="xs"
>
  1
</span>
`;
